// Jest Snapshot v1, https://goo.gl/fbAQLP

exports[`<Profile/> mathces snapshot 1`] = `
<div>
  <div>
    <b>
      const
    </b>
    Â 
    <span>
      (
      auddnjs
      )
    </span>
  </div>
</div>
`;
